MO FSMPrincipalSPI NULL FSMPrincipalSPI.v vlg38/_f_s_m_principal_s_p_i.bin 1399657646
MO Conta3b NULL Conta3b.v vlg62/_conta3b.bin 1399657962
MO Conta6b NULL Conta6b.v vlg71/_conta6b.bin 1399657949
MO DetectorFlancos NULL DetectorFlancos.v vlg5C/_detector_flancos.bin 1399626269
MO ContaNb NULL Contador.v vlg69/_conta_nb.bin 1399628402
